# This file is @generated, regenerate by re-running test with `-- --env BUCK2_UPDATE_GOLDEN=1` appended to the test command

[
  {
    "buck.error":"Upgraded warning to failure via $BUCK2_HARD_ERROR\n\nCaused by:\n    root//c:depends_on_incompatible (root//:linux_platform#<HASH>) does not pass compatibility check (will be error in future) because its transitive dep root//c:macos_only_target\n        is incompatible with root//:linux_platform#<HASH> (root//:macos unsatisfied), check the target's compatibility attributes"
  },
  {
    "buck.type":"nano_prelude//stub_rules.bzl:stub",
    "buck.deps":[],
    "buck.inputs":[],
    "buck.package":"root//a",
    "name":"target1",
    "visibility":[],
    "within_view":["PUBLIC"]
  },
  {
    "buck.type":"nano_prelude//stub_rules.bzl:stub",
    "buck.deps":[],
    "buck.inputs":[],
    "buck.package":"root//a",
    "name":"target2",
    "visibility":[],
    "within_view":["PUBLIC"]
  }
]
