# @generated
# To regenerate, run:
# ```
# STARLARK_RUST_REGENERATE_GOLDEN_TESTS=1 cargo test -p starlark --lib tests
# ```

Code:
# TODO(nga): fix.
x = 1 + 1.0

Error:
error: Binary operator `+` is not available on the types `int.type` and `"float"`
 --> filename:3:5
  |
3 | x = 1 + 1.0
  |     ^^^^^^^
  |

Interfaces:
x: typing.Never
