# @generated
# To regenerate, run:
# ```
# STARLARK_RUST_REGENERATE_GOLDEN_TESTS=1 cargo test -p starlark --lib tests
# ```

Code:
MyList = list[int]

def f(x: MyList):
    pass

No errors.

Approximations:
Approximation: Unknown type = "Spanned { node: Path(Spanned { node: IdentP(\"MyList\", Some(Slot(Module(ModuleSlotId(0)), BindingId(0)))), span: Span { begin: Pos(30), end: Pos(36) } }, []), span: Span { begin: Pos(30), end: Pos(36) } }"

Types:
x: typing.Any
