# This file is @generated, regenerate by re-running test with `-- --env BUCK2_UPDATE_GOLDEN=1` appended to the test command

digraph result_graph {
  "root//bin:the_binary" [style=filled,color="#DFECDF"];
  "root//bin:the_binary" -> "root//:data";
  "root//bin:the_binary" -> "root//lib:lib1";
  "root//bin:the_binary" -> "root//lib:lib2";
  "root//bin:the_binary" -> "root//lib:lib3";
  "root//:data" [style=filled,color="#DFECDF"];
  "root//lib:lib1" [style=filled,color="#DFECDF"];
  "root//lib:lib1" -> "root//lib:file1";
  "root//lib:lib2" [style=filled,color="#DFECDF"];
  "root//lib:lib2" -> "root//lib:file2";
  "root//lib:lib3" [style=filled,color="#DFECDF"];
  "root//lib:lib3" -> "root//lib:file3";
  "root//lib:file1" [style=filled,color="#DFECDF"];
  "root//lib:file2" [style=filled,color="#DFECDF"];
  "root//lib:file3" [style=filled,color="#DFECDF"];
}
