# @generated
# To regenerate, run:
# ```
# STARLARK_RUST_REGENERATE_GOLDEN_TESTS=1 cargo test -p starlark --lib
# ```

Program:
x =

Error:
error: Parse error: unexpected new line here, expected one of "(", "+", "-", "...", "FLOAT", "FSTRING", "IDENTIFIER", "INTEGER", "STRING", "[", "lambda", "not", "{" or "~"
 --> error_missing_expression:1:4
  |
1 | x =
  |    
  |


Program:
x +=

Error:
error: Parse error: unexpected new line here, expected one of "(", "+", "-", "...", "FLOAT", "FSTRING", "IDENTIFIER", "INTEGER", "STRING", "[", "lambda", "not", "{" or "~"
 --> error_missing_expression:1:5
  |
1 | x +=
  |     
  |


Program:
return
1 +

Error:
error: Parse error: unexpected new line here, expected one of "(", "+", "-", "...", "FLOAT", "FSTRING", "IDENTIFIER", "INTEGER", "STRING", "[", "{" or "~"
 --> error_missing_expression:2:4
  |
2 | 1 +
  |    
  |
