# @generated
# To regenerate, run:
# ```
# STARLARK_RUST_REGENERATE_GOLDEN_TESTS=1 cargo test -p starlark --lib
# ```

Program:
def f():

Error:
error: Parse error: unexpected end of file, expected new indentation block
 --> error_unexpected_eof:1:9
  |
1 | def f():
  |         ^
  |


Program:
if True:

Error:
error: Parse error: unexpected end of file, expected new indentation block
 --> error_unexpected_eof:1:9
  |
1 | if True:
  |         ^
  |


Program:
if True:
  pass
else:

Error:
error: Parse error: unexpected end of file, expected new indentation block
 --> error_unexpected_eof:3:6
  |
3 | else:
  |      ^
  |


Program:
if True:
  pass
elif x:

Error:
error: Parse error: unexpected end of file, expected new indentation block
 --> error_unexpected_eof:3:8
  |
3 | elif x:
  |        ^
  |


Program:
for x in xs:

Error:
error: Parse error: unexpected end of file, expected new indentation block
 --> error_unexpected_eof:1:13
  |
1 | for x in xs:
  |             ^
  |
