# This file is @generated, regenerate by re-running test with `-- --env BUCK2_UPDATE_GOLDEN=1` appended to the test command

all_keys.list: True
analysis/execution_platforms/<unbound>.profile: False
analysis/execution_platforms/<unbound>.src: True
analysis/execution_platforms/<unbound>.svg: True
analysis/simple/ddd/<unspecified>.profile: False
analysis/simple/ddd/<unspecified>.src: True
analysis/simple/ddd/<unspecified>.svg: True
analysis/simple/test/<unspecified>.profile: False
analysis/simple/test/<unspecified>.src: True
analysis/simple/test/<unspecified>.svg: True
analysis/simple/xxx/<unspecified>.profile: False
analysis/simple/xxx/<unspecified>.src: True
analysis/simple/xxx/<unspecified>.svg: True
analysis/simple/yyy/<unspecified>.profile: False
analysis/simple/yyy/<unspecified>.src: True
analysis/simple/yyy/<unspecified>.svg: True
analysis/simple/zzz/<unspecified>.profile: False
analysis/simple/zzz/<unspecified>.src: True
analysis/simple/zzz/<unspecified>.svg: True
load/root.profile: False
load/root.src: True
load/root.svg: True
load/root/simple.profile: False
load/root/simple.src: True
load/root/simple.svg: True
load_bzl/nano_prelude/asserts.bzl.profile: False
load_bzl/nano_prelude/asserts.bzl.src: True
load_bzl/nano_prelude/asserts.bzl.svg: True
load_bzl/nano_prelude/cfg_rules.bzl.profile: False
load_bzl/nano_prelude/cfg_rules.bzl.src: True
load_bzl/nano_prelude/cfg_rules.bzl.svg: True
load_bzl/nano_prelude/execution_platforms.bzl.profile: False
load_bzl/nano_prelude/execution_platforms.bzl.src: True
load_bzl/nano_prelude/execution_platforms.bzl.svg: True
load_bzl/nano_prelude/prelude.bzl.profile: False
load_bzl/nano_prelude/prelude.bzl.src: True
load_bzl/nano_prelude/prelude.bzl.svg: True
load_bzl/nano_prelude/stub_rules.bzl.profile: False
load_bzl/nano_prelude/stub_rules.bzl.src: True
load_bzl/nano_prelude/stub_rules.bzl.svg: True
merged.profile: False
merged.src: True
merged.svg: True
unknown/Check_starlark_stack_size.profile: False
unknown/Check_starlark_stack_size.src: True
unknown/Check_starlark_stack_size.svg: True
