# This file is @generated, regenerate by re-running test with `-- --env BUCK2_UPDATE_GOLDEN=1` appended to the test command

        let blobBase64 = "DAAAAAAABgAIAAQABgAAAAQAAAAIAAAAIAAAADAAAABAAAAAUAAAAHgAAACgAAAA3AAAACgBAADm/v//BAEAAAgAAABIAAAAAAAAAPr+///wAAAACAAAAGAAAAAAAAAADv///9wAAAAIAAAAeAAAAAAAAAAi////gAAAAAgAAAA0AQAAAQAAAAQAAAAPAAAAcm9vdC8vbGliOmZpbGUzAE7///9UAAAACAAAABwBAAABAAAABAAAAA8AAAByb290Ly9saWI6ZmlsZTIAev///ygAAAAIAAAABAEAAAEAAAAEAAAADwAAAHJvb3QvL2xpYjpmaWxlMQAMAAAAX2Zvb19saWJyYXJ5AAAAALr///8wAAAACAAAANgAAAABAAAABAAAABUAAAByb290Ly86Z2VucnVsZV9iaW5hcnkAAAAMAAAAX2Zvb19nZW5ydWxlAAAKABAABAAIAAwACgAAAKAAAAAIAAAAqAAAAAYAAACAAAAAaAAAAFAAAAA4AAAAGAAAAAQAAAAKAAAAcm9vdC8vOmJpbgAAFAAAAHJvb3QvLzpmb29fdG9vbGNoYWluAAAAAA4AAAByb290Ly9saWI6bGliMwAADgAAAHJvb3QvL2xpYjpsaWIyAAAOAAAAcm9vdC8vbGliOmxpYjEAAAsAAAByb290Ly86ZGF0YQALAAAAX2Zvb19iaW5hcnkAFAAAAHJvb3QvL2Jpbjp0aGVfYmluYXJ5AAAAAA==";
