# @generated
# To regenerate, run:
# ```
# STARLARK_RUST_REGENERATE_GOLDEN_TESTS=1 cargo test -p starlark --lib
# ```

Program:

MyRec = record(x = int, y = int)

def f(rec: MyRec) -> int:
    return rec.z

Error:

error: The attribute `z` is not available on the type `MyRec`
 --> assert.bzl:4:16
  |
4 |     return rec.z
  |                ^
  |
