# @generated
# To regenerate, run:
# ```
# STARLARK_RUST_REGENERATE_GOLDEN_TESTS=1 cargo test -p starlark --lib
# ```

Program:

MyRec = record(x = int)

def test():
    MyRec(x = "")

Error:

error: Expected type `int` but got `str`
 --> assert.bzl:4:11
  |
4 |     MyRec(x = "")
  |           ^^^^^^
  |
