# @generated
# To regenerate, run:
# ```
# STARLARK_RUST_REGENERATE_GOLDEN_TESTS=1 cargo test -p starlark --lib
# ```

def foo(x, y):
    return noop(y, x)

def test():
    # This call should be inlined.
    return foo(10, True)

# Bytecode:

Max stack size: 3
Instructions:
  0: Const True ->&1
  24: Const 10 ->&2
  48: CallFrozenNativePos noop &1..&3 instrs.star.bzl:2:12-22 ->&0
  104: Return &0
  112: End
