# @generated
# To regenerate, run:
# ```
# STARLARK_RUST_REGENERATE_GOLDEN_TESTS=1 cargo test -p starlark --lib
# ```

def test(x): x.append(1)

# Bytecode:

Max stack size: 2
Instructions:
  0: Const 1 ->&2
  24: CallMaybeKnownMethodPos &x append <m> &2..&3 instrs.star.bzl:1:14-25 ->&1
  120: ReturnConst None
  136: End
