# @generated
# To regenerate, run:
# ```
# STARLARK_RUST_REGENERATE_GOLDEN_TESTS=1 cargo test -p starlark --lib
# ```

def test(x):
  if x or False: noop()

# Bytecode:

Max stack size: 1
Instructions:
   0: IfNotBr &x 72
   16: CallFrozenNativePos noop &0..&0 instrs.star.bzl:2:18-24 ->&1
  >72: ReturnConst None
   88: End
