# @generated
# To regenerate, run:
# ```
# STARLARK_RUST_REGENERATE_GOLDEN_TESTS=1 cargo test -p starlark --lib
# ```

def test(x, y):
  if x or y:
    return 10
  else:
    return 20

# Bytecode:

Max stack size: 0
Instructions:
   0: IfBr &x 32
   16: IfNotBr &y 56
  >32: ReturnConst 10
   48: Br 72
  >56: ReturnConst 20
  >72: ReturnConst None
   88: End
