# @generated
# To regenerate, run:
# ```
# STARLARK_RUST_REGENERATE_GOLDEN_TESTS=1 cargo test -p starlark --lib
# ```

def test():
    return [noop(), noop()] + [noop(), noop(), noop()]

# Bytecode:

Max stack size: 6
Instructions:
        # instrs.star.bzl:2:5-55
    0: CallFrozenNativePos noop &0..&0 instrs.star.bzl:2:13-19 ->&1
        # instrs.star.bzl:2:5-55
   48: CallFrozenNativePos noop &0..&0 instrs.star.bzl:2:21-27 ->&2
        # instrs.star.bzl:2:5-55
   96: CallFrozenNativePos noop &0..&0 instrs.star.bzl:2:32-38 ->&3
        # instrs.star.bzl:2:5-55
  144: CallFrozenNativePos noop &0..&0 instrs.star.bzl:2:40-46 ->&4
        # instrs.star.bzl:2:5-55
  192: CallFrozenNativePos noop &0..&0 instrs.star.bzl:2:48-54 ->&5
        # instrs.star.bzl:2:5-55
  240: ListNPop [&1, &2, &3, &4, &5] ->&0
  256: Return &0
  264: End
