# @generated
# To regenerate, run:
# ```
# STARLARK_RUST_REGENERATE_BC_TESTS=1 cargo test -p starlark --lib tests
# ```

def is_list(x):
    return type(x) == type([])

def test(x):
    return is_list(x)

# Bytecode:

Max stack size: 1
Instructions:
  0: TypeIs &0 "list" &1
  24: Return &1
  32: End
