# @generated
# To regenerate, run:
# ```
# STARLARK_RUST_REGENERATE_GOLDEN_TESTS=1 cargo test -p starlark --lib
# ```

def test():
    # Reference to module variable should be replaced with constant
    return _private_forward_mutable

_private_forward_mutable = {1: 2}

# Bytecode:

Max stack size: 0
Instructions:
  0: ReturnConst {1: 2}
  16: End
