# @generated
# To regenerate, run:
# ```
# STARLARK_RUST_REGENERATE_GOLDEN_TESTS=1 cargo test -p starlark --lib
# ```

Code:
# We use `typing.Never` when expression is an error,
# or it is a type parameter of empty list for example.
# Dict lookup by never should not be an error.
def test(d: dict[typing.Any, str], x: typing.Never):
    y = d[x]

No errors.

Compiler typechecker (eval):
No errors.
