# @generated
# To regenerate, run:
# ```
# STARLARK_RUST_REGENERATE_GOLDEN_TESTS=1 cargo test -p starlark --lib
# ```

Code:
def test():
    # This test should work even if `t` is global. There's a bug in test framework somewhere.
    t = int | str

No errors.

Types:
t: type

Compiler typechecker (eval):
No errors.
