# @generated
# To regenerate, run:
# ```
# STARLARK_RUST_REGENERATE_GOLDEN_TESTS=1 cargo test -p starlark --lib
# ```

Code:
def test():
    x = []
    x.append(x)

No errors.

Approximations:
Approximation: Fixed point didn't converge = "100"

Types:
x: list[list[list[list[list[list[list[list[list[list[list[list[list[list[list[list[list[list[list[list[list[list[list[list[list[list[list[list[list[list[list[list[list[list[list[list[list[list[list[list[list[list[list[list[list[list[list[list[list[list[list[list[list[list[list[list[list[list[list[list[list[list[list[list[list[list[list[list[list[list[list[list[list[list[list[list[list[list[list[list[list[list[list[list[list[list[list[list[list[list[list[list[list[list[list[list[list[list[list[list[list[typing.Never]]]]]]]]]]]]]]]]]]]]]]]]]]]]]]]]]]]]]]]]]]]]]]]]]]]]]]]]]]]]]]]]]]]]]]]]]]]]]]]]]]]]]]]]]]]]]]]]]]]]]

Compiler typechecker (eval):
No errors.
