# @generated
# To regenerate, append -- --env BUCK2_RUST_REGENERATE_GOLDEN_TESTS=1 and re-run the test

eval.bzl:1:1-11: [first] label for first span

Caused by:
    [first] root cause

---

eval.bzl:2:1-12: [second] outermost

Caused by:
    [second] THIS SPAN SHOULD CAUSE A SECOND ERROR TO BE EMITTED FOR LSP
