# @generated
# To regenerate, run:
# ```
# STARLARK_RUST_REGENERATE_GOLDEN_TESTS=1 cargo test -p starlark --lib
# ```

Program:
def test(x, **kwargs, /): pass

Error: error: `/` must come before `*`, `*args` and `**kwargs`
 --> test.star:1:23
  |
1 | def test(x, **kwargs, /): pass
  |                       ^
